[2025-05-19 19:11:24] admin: hola
[2025-05-19 19:11:25] admin: **** (original: pene)
[2025-05-19 19:11:29] admin: que tal
[2025-05-19 19:27:16] jesus: /adduser victor 1234
[2025-05-19 19:27:18] jesus: **** (original: pene)
[2025-05-19 19:31:04] admin: Hola
[2025-05-19 19:33:11] admin: holaa
[2025-05-19 19:33:12] admin: **** (original: pene)
[2025-05-19 19:34:00] jesus: hola
[2025-05-19 19:34:06] admin: Hola Jesus que tal estas
[2025-05-19 19:34:12] jesus: Bien ********** (original: Bien gilipollas)
[2025-05-19 19:34:17] admin: como?
[2025-05-19 19:34:34] admin: /kick jesus [por insultar]
[2025-05-19 19:34:56] admin: /userlist
[2025-05-19 19:40:11] jesus: hola
[2025-05-19 19:40:14] admin: hola tonto
[2025-05-19 19:40:17] jesus: subnormal
[2025-05-19 19:40:20] admin: como
[2025-05-19 19:40:22] jesus: **** (original: puto)
[2025-05-19 19:40:42] jesus: hola
[2025-05-19 19:42:27] jesus: hola
[2025-05-19 20:06:46] jesus: hola
[2025-05-19 20:06:47] jesus: **** (original: pene)
[2025-05-19 20:06:56] admin: hola
[2025-05-19 20:06:57] admin: **** (original: pene)
[2025-05-19 20:07:24] admin: hola
[2025-05-19 20:07:26] admin: **** (original: pene)
[2025-05-19 20:13:02] admin: hola
[2025-05-19 20:13:03] admin: **** (original: pene)
[2025-05-19 20:19:28] Veronica: Hola
[2025-05-19 20:19:30] Veronica: **** (original: pene)
[2025-05-19 20:40:28] admin: hola
[2025-05-19 20:40:30] jesus: hola **** (original: hola puta)
[2025-05-19 20:45:31] admin: hola
[2025-05-19 20:45:31] admin: oene
[2025-05-19 20:45:33] admin: **** (original: pene)
[2025-05-19 20:45:39] jesus: **** (original: pene)
[2025-05-19 20:55:02] admin: hola
[2025-05-19 20:55:04] admin: **** (original: pene)
[2025-05-19 20:55:07] jesus: **** (original: pene)
[2025-05-19 20:55:10] jesus: hola
[2025-05-19 20:55:11] jesus: **** (original: pene)
[2025-05-19 20:55:14] jesus: **** (original: puta)
[2025-05-19 20:55:16] jesus: hola
[2025-05-19 20:55:16] jesus: hola
[2025-05-19 20:55:18] jesus: hola
[2025-05-19 20:56:49] jesus: hola
[2025-05-19 20:56:50] jesus: hola
[2025-05-19 20:56:52] jesus: **** (original: pene)
[2025-05-19 20:56:52] jesus: pne
[2025-05-19 20:56:54] jesus: **** (original: pene)
[2025-05-19 20:56:57] admin: hola
[2025-05-19 20:57:00] admin: hola
[2025-05-19 20:57:02] admin: kesus
[2025-05-19 20:57:03] admin: **** (original: puta)
[2025-05-19 20:57:04] admin: pta
[2025-05-19 20:57:07] jesus: **** (original: puta)
[2025-05-19 20:57:21] jesus: hola
[2025-05-19 20:57:28] jesus: hola
[2025-05-19 20:57:29] jesus: **** (original: pene)
[2025-05-19 20:57:31] jesus: **** (original: pene)
[2025-05-19 21:06:22] admin: hola
[2025-05-19 21:06:40] jesus: hola
[2025-05-19 21:06:41] jesus: **** (original: pene)
[2025-05-19 21:06:43] admin: **** (original: puta)
[2025-05-19 21:07:38] Victor: holaaaaa
[2025-05-19 21:12:20] Victor: hola
[2025-05-19 21:12:30] admin: hola
[2025-05-19 21:16:25] admin: hola
[2025-05-19 21:16:25] admin: hola
[2025-05-19 21:16:26] admin: **** (original: pene)
[2025-05-19 21:16:38] jesus: hola
[2025-05-19 21:16:39] jesus: oebe
[2025-05-19 21:16:41] jesus: **** (original: pene)
[2025-05-19 21:16:58] jesus: como
[2025-05-19 21:17:37] jesus: hola?
[2025-05-19 21:28:30] jesus: hola
[2025-05-19 21:28:31] jesus: **** (original: pene)
[2025-05-19 21:35:34.574511] admin: hola
[2025-05-19 21:35:37.205444] jesus: ****
[2025-05-19 21:35:52.004942] jesus: como?
[2025-05-19 21:44:49.150885] admin: hola
[2025-05-19 21:44:49.978765] admin: ****
[2025-05-19 21:44:52.238825] admin: hola ****
