[2025-05-19 19:11:24] admin: hola
[2025-05-19 19:11:25] admin: **** (original: pene)
[2025-05-19 19:11:29] admin: que tal
[2025-05-19 19:27:16] jesus: /adduser victor 1234
[2025-05-19 19:27:18] jesus: **** (original: pene)
[2025-05-19 19:31:04] admin: Hola
[2025-05-19 19:33:11] admin: holaa
[2025-05-19 19:33:12] admin: **** (original: pene)
[2025-05-19 19:34:00] jesus: hola
[2025-05-19 19:34:06] admin: Hola Jesus que tal estas
[2025-05-19 19:34:12] jesus: Bien ********** (original: Bien gilipollas)
[2025-05-19 19:34:17] admin: como?
[2025-05-19 19:34:34] admin: /kick jesus [por insultar]
[2025-05-19 19:34:56] admin: /userlist
[2025-05-19 19:40:11] jesus: hola
[2025-05-19 19:40:14] admin: hola tonto
[2025-05-19 19:40:17] jesus: subnormal
[2025-05-19 19:40:20] admin: como
[2025-05-19 19:40:22] jesus: **** (original: puto)
[2025-05-19 19:40:42] jesus: hola
[2025-05-19 19:42:27] jesus: hola
[2025-05-19 20:06:46] jesus: hola
[2025-05-19 20:06:47] jesus: **** (original: pene)
[2025-05-19 20:06:56] admin: hola
[2025-05-19 20:06:57] admin: **** (original: pene)
[2025-05-19 20:07:24] admin: hola
[2025-05-19 20:07:26] admin: **** (original: pene)
[2025-05-19 20:13:02] admin: hola
[2025-05-19 20:13:03] admin: **** (original: pene)
[2025-05-19 20:19:28] Veronica: Hola
[2025-05-19 20:19:30] Veronica: **** (original: pene)
[2025-05-19 20:40:28] admin: hola
[2025-05-19 20:40:30] jesus: hola **** (original: hola puta)
[2025-05-19 20:45:31] admin: hola
[2025-05-19 20:45:31] admin: oene
[2025-05-19 20:45:33] admin: **** (original: pene)
[2025-05-19 20:45:39] jesus: **** (original: pene)
[2025-05-19 20:55:02] admin: hola
[2025-05-19 20:55:04] admin: **** (original: pene)
[2025-05-19 20:55:07] jesus: **** (original: pene)
[2025-05-19 20:55:10] jesus: hola
[2025-05-19 20:55:11] jesus: **** (original: pene)
[2025-05-19 20:55:14] jesus: **** (original: puta)
[2025-05-19 20:55:16] jesus: hola
[2025-05-19 20:55:16] jesus: hola
[2025-05-19 20:55:18] jesus: hola
[2025-05-19 20:56:49] jesus: hola
[2025-05-19 20:56:50] jesus: hola
[2025-05-19 20:56:52] jesus: **** (original: pene)
[2025-05-19 20:56:52] jesus: pne
[2025-05-19 20:56:54] jesus: **** (original: pene)
[2025-05-19 20:56:57] admin: hola
[2025-05-19 20:57:00] admin: hola
[2025-05-19 20:57:02] admin: kesus
[2025-05-19 20:57:03] admin: **** (original: puta)
[2025-05-19 20:57:04] admin: pta
[2025-05-19 20:57:07] jesus: **** (original: puta)
[2025-05-19 20:57:21] jesus: hola
[2025-05-19 20:57:28] jesus: hola
[2025-05-19 20:57:29] jesus: **** (original: pene)
[2025-05-19 20:57:31] jesus: **** (original: pene)
[2025-05-19 21:06:22] admin: hola
[2025-05-19 21:06:40] jesus: hola
[2025-05-19 21:06:41] jesus: **** (original: pene)
[2025-05-19 21:06:43] admin: **** (original: puta)
[2025-05-19 21:07:38] Victor: holaaaaa
[2025-05-19 21:12:20] Victor: hola
[2025-05-19 21:12:30] admin: hola
[2025-05-19 21:16:25] admin: hola
[2025-05-19 21:16:25] admin: hola
[2025-05-19 21:16:26] admin: **** (original: pene)
[2025-05-19 21:16:38] jesus: hola
[2025-05-19 21:16:39] jesus: oebe
[2025-05-19 21:16:41] jesus: **** (original: pene)
[2025-05-19 21:16:58] jesus: como
[2025-05-19 21:17:37] jesus: hola?
[2025-05-19 21:28:30] jesus: hola
[2025-05-19 21:28:31] jesus: **** (original: pene)
[2025-05-19 21:35:34.574511] admin: hola
[2025-05-19 21:35:37.205444] jesus: ****
[2025-05-19 21:35:52.004942] jesus: como?
[2025-05-19 21:44:49.150885] admin: hola
[2025-05-19 21:44:49.978765] admin: ****
[2025-05-19 21:44:52.238825] admin: hola ****
[2025-05-21 19:55:53.026728] Veronica: ho
[2025-05-21 19:55:54.533174] Veronica: hola
[2025-05-21 19:55:58.079547] admin: pee
[2025-05-21 19:55:59.689113] admin: ****
[2025-05-21 19:56:01.376783] Veronica: jeje
[2025-05-21 19:59:20.331780] admin: que paso
[2025-05-21 20:27:41.302448] Veronica: hola
[2025-05-21 20:27:43.839840] admin: ****
[2025-05-21 21:23:27.947353] Veronica: hola
[2025-05-21 21:23:30.575741] admin: ****
[2025-05-21 21:23:32.941446] Veronica: pena
[2025-05-25 13:37:49.796330] admin: hola
[2025-05-25 13:37:52.507165] admin: ****
[2025-05-25 13:37:54.859921] Victor: pebe
[2025-05-25 13:37:56.685061] Victor: ****
[2025-05-25 16:52:19.954016] Victor: Hola que tal
[2025-05-25 16:53:06.657644] admin: Hola como estas
[2025-05-25 16:53:08.853186] Victor: ****
[2025-05-25 16:53:11.325024] admin: ****
[2025-05-25 16:55:07.589706] Carlos: Hola que ta
[2025-05-25 16:55:15.236613] admin: Buenas carlos, portate bien
[2025-05-25 16:55:19.044549] Carlos: no, ****
[2025-05-25 16:56:19.854118] Carlos: hOLA PERRA
[2025-05-25 16:56:22.169244] Carlos: hola perra
[2025-05-26 21:21:22.439072] admin: Hola como estas
[2025-05-26 21:21:42.773851] admin: Hola?
[2025-05-26 21:21:51.542959] Victor: olaa koma estas kolega
[2025-05-26 21:21:56.193931] admin: escribe bie
[2025-05-26 21:21:59.998221] Victor: **********
[2025-05-26 22:04:05.525006] Victor: HOLA
[2025-05-26 22:04:13.437662] admin: No vuelvas a insultar
[2025-05-26 22:04:16.987959] Victor: ****
[2025-05-26 22:05:09.063479] Victor: ç
[2025-05-26 23:55:22.871039] admin: hola
[2025-05-27 00:13:39.000280] Jesus: hola
[2025-05-27 00:13:39.614134] Jesus: ****
[2025-05-27 00:19:01.202454] veronica: hola
[2025-05-27 00:19:02.805101] veronica: ****
[2025-05-27 00:22:07.357015] Jesus: hola
[2025-05-27 00:22:14.109084] Jesus: que tal
[2025-05-27 00:22:22.029590] JoseLuis: Hola buenas, bien aqui estamos
[2025-05-27 00:22:33.321522] JoseLuis: ****
[2025-05-27 00:22:39.132755] veronica: Bien aqui estamos, **********
